/home/anshuman.pandey/adjetterMicroservice/Crud_KR/src/main/java/com/example/crud_kr/Configuration/RedisConfig.java
/home/anshuman.pandey/adjetterMicroservice/Crud_KR/src/main/java/com/example/crud_kr/Configuration/WebConfig.java
/home/anshuman.pandey/adjetterMicroservice/Crud_KR/src/main/java/com/example/crud_kr/Controller/CustomerController.java
/home/anshuman.pandey/adjetterMicroservice/Crud_KR/src/main/java/com/example/crud_kr/CrudKrApplication.java
/home/anshuman.pandey/adjetterMicroservice/Crud_KR/src/main/java/com/example/crud_kr/DTO/CustomerDTO.java
/home/anshuman.pandey/adjetterMicroservice/Crud_KR/src/main/java/com/example/crud_kr/Exception/ValidationExceptionHandler.java
/home/anshuman.pandey/adjetterMicroservice/Crud_KR/src/main/java/com/example/crud_kr/Model/Customer.java
/home/anshuman.pandey/adjetterMicroservice/Crud_KR/src/main/java/com/example/crud_kr/Repository/CustomerRepository.java
/home/anshuman.pandey/adjetterMicroservice/Crud_KR/src/main/java/com/example/crud_kr/Service/CustomerService.java
